// Jest Snapshot v1, https://goo.gl/fbAQLP

exports[`when loading the page renders accordingly 1`] = `
<div
  className="board"
>
  <div
    className="col-12 col-l-3"
  >
    <div
      className="stack statistics-container"
    >
      <h3>
        Actives
      </h3>
      <div
        className="queue center"
      >
        <p>
          Loading Stocks...
        </p>
      </div>
      <h3>
        Top Gainers
      </h3>
      <div
        className="queue center"
      >
        <p>
          Loading Stocks...
        </p>
      </div>
      <h3>
        Top Losers
      </h3>
      <div
        className="queue center"
      >
        <p>
          Loading Stocks...
        </p>
      </div>
    </div>
  </div>
  <div
    className="col-12 col-l-9"
  >
    <div
      className="stack"
    >
      <form
        className="board"
      >
        <h2
          className="col-12"
        >
          Search for Symbol or Name
        </h2>
        <label
          className="col-12 col-m-9"
          htmlFor="acronym"
        >
          <input
            className="queue"
            id="acronym"
            onChange={[Function]}
            placeholder="AAPL"
            type="text"
          />
        </label>
        <div
          className="queue center col-12 col-m-3 disabled"
        >
          <img
            alt="Search"
            src="magnifying-glass.svg"
          />
        </div>
      </form>
      
    </div>
    <div
      className="stack"
    />
  </div>
</div>
`;
